1
test 2
